t processParams (/home/rahul/GitHubRepos/grid-nexus/server/node_modules/router/index.js:582:12)"
[ID-239970C1][2026-08-20T10:42:04.617Z] [ERROR] ::1 - "POST /api/register" - Status: 500 - Error: "Cannot set headers after they are sent to the client" - Stack: "Error [ERR_HTTP_HEADERS_SENT]: Cannot set headers after they are sent to the client
    at ServerResponse.setHeader (node:_http_outgoing:684:11)
    at ServerResponse.header (/home/rahul/GitHubRepos/grid-nexus/server/node_modules/express/lib/response.js:686:10)
    at ServerResponse.send (/home/rahul/GitHubRepos/grid-nexus/server/node_modules/express/lib/response.js:163:12)
    at ServerResponse.json (/home/rahul/GitHubRepos/grid-nexus/server/node_modules/express/lib/response.js:252:15)
    at nodeErrorFeedback (/home/rahul/GitHubRepos/grid-nexus/server/src/middlewares/errorFeedback.middleware.ts:72:26)
    at errorFeedbackHandler (/home/rahul/GitHubRepos/grid-nexus/server/src/middlewares/errorFeedback.middleware.ts:24:5)
    at Layer.handleError (/home/rahul/GitHubRepos/grid-nexus/server/node_modules/router/lib/layer.js:116:17)
    at trimPrefix (/home/rahul/GitHubRepos/grid-nexus/server/node_modules/router/index.js:340:13)
    at /home/rahul/GitHubRepos/grid-nexus/server/node_modules/router/index.js:297:9
    at processParams (/home/rahul/GitHubRepos/grid-nexus/server/node_modules/router/index.js:582:12)"[ID-FC180463][2026-08-20T11:23:35.891Z] [ERROR] ::1 - "POST /api/login" - Status: 500 - $ZodError: "[
  {
    "code": "unrecognized_keys",
    "keys": [
      "username"
    ],
    "path": [],
    "message": "Unrecognized key: \"username\""
  }
]" - Stack: "$ZodError: [
  {
    "code": "unrecognized_keys",
    "keys": [
      "username"
    ],
    "path": [],
    "message": "Unrecognized key: \"username\""
  }
]
    at new $ZodError (file:///home/rahul/GitHubRepos/grid-nexus/server/node_modules/zod/v4/core/core.js:40:39)
    at Module.<anonymous> (file:///home/rahul/GitHubRepos/grid-nexus/server/node_modules/zod/v4/core/parse.js:40:20)
    at inst.safeParse (file:///home/rahul/GitHubRepos/grid-nexus/server/node_modules/zod/v4/mini/schemas.js:11:46)
    at loginUser (/home/rahul/GitHubRepos/grid-nexus/server/src/controllers/user.controller.ts:50:36)
    at Layer.handleRequest (/home/rahul/GitHubRepos/grid-nexus/server/node_modules/router/lib/layer.js:152:17)
    at next (/home/rahul/GitHubRepos/grid-nexus/server/node_modules/router/lib/route.js:157:13)
    at Route.dispatch (/home/rahul/GitHubRepos/grid-nexus/server/node_modules/router/lib/route.js:117:3)
    at handle (/home/rahul/GitHubRepos/grid-nexus/server/node_modules/router/index.js:435:11)
    at Layer.handleRequest (/home/rahul/GitHubRepos/grid-nexus/server/node_modules/router/lib/layer.js:152:17)
    at /home/rahul/GitHubRepos/grid-nexus/server/node_modules/router/index.js:295:15"[ID-2CD6008C][2026-08-20T11:26:06.614Z] [ERROR] ::1 - "POST /api/login" - Status: 500 - $ZodError: "[
  {
    "code": "unrecognized_keys",
    "keys": [
      "username"
    ],
    "path": [],
    "message": "Unrecognized key: \"username\""
  }
]" - Stack: "$ZodError: [
  {
    "code": "unrecognized_keys",
    "keys": [
      "username"
    ],
    "path": [],
    "message": "Unrecognized key: \"username\""
  }
]
    at new $ZodError (file:///home/rahul/GitHubRepos/grid-nexus/server/node_modules/zod/v4/core/core.js:40:39)
    at Module.<anonymous> (file:///home/rahul/GitHubRepos/grid-nexus/server/node_modules/zod/v4/core/parse.js:40:20)
    at inst.safeParse (file:///home/rahul/GitHubRepos/grid-nexus/server/node_modules/zod/v4/mini/schemas.js:11:46)
    at loginUser (/home/rahul/GitHubRepos/grid-nexus/server/src/controllers/user.controller.ts:50:36)
    at Layer.handleRequest (/home/rahul/GitHubRepos/grid-nexus/server/node_modules/router/lib/layer.js:152:17)
    at next (/home/rahul/GitHubRepos/grid-nexus/server/node_modules/router/lib/route.js:157:13)
    at Route.dispatch (/home/rahul/GitHubRepos/grid-nexus/server/node_modules/router/lib/route.js:117:3)
    at handle (/home/rahul/GitHubRepos/grid-nexus/server/node_modules/router/index.js:435:11)
    at Layer.handleRequest (/home/rahul/GitHubRepos/grid-nexus/server/node_modules/router/lib/layer.js:152:17)
    at /home/rahul/GitHubRepos/grid-nexus/server/node_modules/router/index.js:295:15"[ID-DF50960B][2026-08-20T14:55:53.813Z] [ERROR] ::1 - "POST /api/login" - Status: 500 - Error: "Cannot set headers after they are sent to the client" - Stack: "Error [ERR_HTTP_HEADERS_SENT]: Cannot set headers after they are sent to the client
    at ServerResponse.setHeader (node:_http_outgoing:684:11)
    at ServerResponse.header (/home/rahul/GitHubRepos/grid-nexus/server/node_modules/express/lib/response.js:686:10)
    at ServerResponse.send (/home/rahul/GitHubRepos/grid-nexus/server/node_modules/express/lib/response.js:163:12)
    at ServerResponse.json (/home/rahul/GitHubRepos/grid-nexus/server/node_modules/express/lib/response.js:252:15)
    at nodeErrorFeedback (/home/rahul/GitHubRepos/grid-nexus/server/src/middlewares/errorFeedback.middleware.ts:72:26)
    at errorFeedbackHandler (/home/rahul/GitHubRepos/grid-nexus/server/src/middlewares/errorFeedback.middleware.ts:24:5)
    at Layer.handleError (/home/rahul/GitHubRepos/grid-nexus/server/node_modules/router/lib/layer.js:116:17)
    at trimPrefix (/home/rahul/GitHubRepos/grid-nexus/server/node_modules/router/index.js:340:13)
    at /home/rahul/GitHubRepos/grid-nexus/server/node_modules/router/index.js:297:9
    at processParams (/home/rahul/GitHubRepos/grid-nexus/server/node_modules/router/index.js:582:12)"[ID-CC9D6157][2026-08-20T15:14:55.690Z] [ERROR] ::1 - "POST /api/login" - Status: 500 - Error: "Cannot set headers after they are sent to the client" - Stack: "Error [ERR_HTTP_HEADERS_SENT]: Cannot set headers after they are sent to the client
    at ServerResponse.setHeader (node:_http_outgoing:684:11)
    at ServerResponse.header (/home/rahul/GitHubRepos/grid-nexus/server/node_modules/express/lib/response.js:686:10)
    at ServerResponse.send (/home/rahul/GitHubRepos/grid-nexus/server/node_modules/express/lib/response.js:163:12)
    at ServerResponse.json (/home/rahul/GitHubRepos/grid-nexus/server/node_modules/express/lib/response.js:252:15)
    at nodeErrorFeedback (/home/rahul/GitHubRepos/grid-nexus/server/src/middlewares/errorFeedback.middleware.ts:72:26)
    at errorFeedbackHandler (/home/rahul/GitHubRepos/grid-nexus/server/src/middlewares/errorFeedback.middleware.ts:24:5)
    at Layer.handleError (/home/rahul/GitHubRepos/grid-nexus/server/node_modules/router/lib/layer.js:116:17)
    at trimPrefix (/home/rahul/GitHubRepos/grid-nexus/server/node_modules/router/index.js:340:13)
    at /home/rahul/GitHubRepos/grid-nexus/server/node_modules/router/index.js:297:9
    at processParams (/home/rahul/GitHubRepos/grid-nexus/server/node_modules/router/index.js:582:12)"[ID-258A624B][2026-08-20T15:16:07.162Z] [ERROR] ::1 - "POST /api/login" - Status: 500 - Error: "Cannot set headers after they are sent to the client" - Stack: "Error [ERR_HTTP_HEADERS_SENT]: Cannot set headers after they are sent to the client
    at ServerResponse.setHeader (node:_http_outgoing:684:11)
    at ServerResponse.header (/home/rahul/GitHubRepos/grid-nexus/server/node_modules/express/lib/response.js:686:10)
    at ServerResponse.send (/home/rahul/GitHubRepos/grid-nexus/server/node_modules/express/lib/response.js:163:12)
    at ServerResponse.json (/home/rahul/GitHubRepos/grid-nexus/server/node_modules/express/lib/response.js:252:15)
    at nodeErrorFeedback (/home/rahul/GitHubRepos/grid-nexus/server/src/middlewares/errorFeedback.middleware.ts:72:26)
    at errorFeedbackHandler (/home/rahul/GitHubRepos/grid-nexus/server/src/middlewares/errorFeedback.middleware.ts:24:5)
    at Layer.handleError (/home/rahul/GitHubRepos/grid-nexus/server/node_modules/router/lib/layer.js:116:17)
    at trimPrefix (/home/rahul/GitHubRepos/grid-nexus/server/node_modules/router/index.js:340:13)
    at /home/rahul/GitHubRepos/grid-nexus/server/node_modules/router/index.js:297:9
    at processParams (/home/rahul/GitHubRepos/grid-nexus/server/node_modules/router/index.js:582:12)"[ID-6C60D1D3][2026-08-20T15:22:26.669Z] [ERROR] ::1 - "POST /api/login" - Status: 500 - Error: "Cannot set headers after they are sent to the client" - Stack: "Error [ERR_HTTP_HEADERS_SENT]: Cannot set headers after they are sent to the client
    at ServerResponse.setHeader (node:_http_outgoing:684:11)
    at ServerResponse.header (/home/rahul/GitHubRepos/grid-nexus/server/node_modules/express/lib/response.js:686:10)
    at ServerResponse.send (/home/rahul/GitHubRepos/grid-nexus/server/node_modules/express/lib/response.js:163:12)
    at ServerResponse.json (/home/rahul/GitHubRepos/grid-nexus/server/node_modules/express/lib/response.js:252:15)
    at nodeErrorFeedback (/home/rahul/GitHubRepos/grid-nexus/server/src/middlewares/errorFeedback.middleware.ts:72:26)
    at errorFeedbackHandler (/home/rahul/GitHubRepos/grid-nexus/server/src/middlewares/errorFeedback.middleware.ts:24:5)
    at Layer.handleError (/home/rahul/GitHubRepos/grid-nexus/server/node_modules/router/lib/layer.js:116:17)
    at trimPrefix (/home/rahul/GitHubRepos/grid-nexus/server/node_modules/router/index.js:340:13)
    at /home/rahul/GitHubRepos/grid-nexus/server/node_modules/router/index.js:297:9
    at processParams (/home/rahul/GitHubRepos/grid-nexus/server/node_modules/router/index.js:582:12)"[ID-3C336DE0][2026-08-20T15:25:32.009Z] [ERROR] ::1 - "POST /api/login" - Status: 500 - Error: "Cannot set headers after they are sent to the client" - Stack: "Error [ERR_HTTP_HEADERS_SENT]: Cannot set headers after they are sent to the client
    at ServerResponse.setHeader (node:_http_outgoing:684:11)
    at ServerResponse.header (/home/rahul/GitHubRepos/grid-nexus/server/node_modules/express/lib/response.js:686:10)
    at ServerResponse.send (/home/rahul/GitHubRepos/grid-nexus/server/node_modules/express/lib/response.js:163:12)
    at ServerResponse.json (/home/rahul/GitHubRepos/grid-nexus/server/node_modules/express/lib/response.js:252:15)
    at nodeErrorFeedback (/home/rahul/GitHubRepos/grid-nexus/server/src/middlewares/errorFeedback.middleware.ts:72:26)
    at errorFeedbackHandler (/home/rahul/GitHubRepos/grid-nexus/server/src/middlewares/errorFeedback.middleware.ts:24:5)
    at Layer.handleError (/home/rahul/GitHubRepos/grid-nexus/server/node_modules/router/lib/layer.js:116:17)
    at trimPrefix (/home/rahul/GitHubRepos/grid-nexus/server/node_modules/router/index.js:340:13)
    at /home/rahul/GitHubRepos/grid-nexus/server/node_modules/router/index.js:297:9
    at processParams (/home/rahul/GitHubRepos/grid-nexus/server/node_modules/router/index.js:582:12)"[ID-A0413C44][2026-08-20T15:25:36.685Z] [ERROR] ::1 - "POST /api/login" - Status: 500 - Error: "Cannot set headers after they are sent to the client" - Stack: "Error [ERR_HTTP_HEADERS_SENT]: Cannot set headers after they are sent to the client
    at ServerResponse.setHeader (node:_http_outgoing:684:11)
    at ServerResponse.header (/home/rahul/GitHubRepos/grid-nexus/server/node_modules/express/lib/response.js:686:10)
    at ServerResponse.send (/home/rahul/GitHubRepos/grid-nexus/server/node_modules/express/lib/response.js:163:12)
    at ServerResponse.json (/home/rahul/GitHubRepos/grid-nexus/server/node_modules/express/lib/response.js:252:15)
    at nodeErrorFeedback (/home/rahul/GitHubRepos/grid-nexus/server/src/middlewares/errorFeedback.middleware.ts:72:26)
    at errorFeedbackHandler (/home/rahul/GitHubRepos/grid-nexus/server/src/middlewares/errorFeedback.middleware.ts:24:5)
    at Layer.handleError (/home/rahul/GitHubRepos/grid-nexus/server/node_modules/router/lib/layer.js:116:17)
    at trimPrefix (/home/rahul/GitHubRepos/grid-nexus/server/node_modules/router/index.js:340:13)
    at /home/rahul/GitHubRepos/grid-nexus/server/node_modules/router/index.js:297:9
    at processParams (/home/rahul/GitHubRepos/grid-nexus/server/node_modules/router/index.js:582:12)"