ID-6974DAAC
Time=2026-08-18T02:42:46.364Z
User_IP=::1
Username=Xtreme_Nexa
Email=rahulmanna0011@gmail.com
Password_Hash=$argon2id$v=19$m=65536,p=4,t=3$hJCeLhL0wyXHevGVE1i3Lw$isym6CaBiYdudORIRCRtt1OdL9vLoy2/X3X/6HoE9m0

ID-EE113A7E
Time=2026-08-18T02:43:09.299Z
User_IP=::1
Username=Xtreme_Nexus
Email=xtremerahul2007@gmail.com
Password_Hash=$argon2id$v=19$m=65536,p=4,t=3$wimwIJuDM3QVynA1ErKCmw$Rmd2I0IRf2MOWvTSq7tLDoVrsFSfXk16LWjnTv+b1Tw
ID-FC91569A
Time=2026-08-18T06:25:14.377Z
User_IP=::1
Username=Xtreme_Nexa
Email=rahulmanna0011@gmail.com

ID-8550FCDE
Time=2026-08-18T06:25:51.648Z
User_IP=::1
Username=Xtreme_Nexus
Email=xtremerahul2000@gmail.com

ID-34B966D4
Time=2026-08-18T12:04:47.562Z
User_IP=::1
Username=dsfdfdfdfdf
Email=dfdfdf@dfd.com

ID-1AE94DBA
Time=2026-08-18T12:17:36.278Z
User_IP=::1
Username=Xtreme_Nexa
Email=rahulmanna0011@gmail.com

